src/hooks/useCharacterAnalysis.ts(32,17): error TS1005: ';' expected.
src/hooks/useCharacterAnalysis.ts(32,21): error TS1351: An identifier or keyword cannot immediately follow a numeric literal.
src/hooks/useCharacterAnalysis.ts(32,24): error TS1351: An identifier or keyword cannot immediately follow a numeric literal.
src/hooks/useCharacterAnalysis.ts(32,33): error TS1351: An identifier or keyword cannot immediately follow a numeric literal.
src/hooks/useCharacterAnalysis.ts(32,51): error TS1109: Expression expected.
src/hooks/useCharacterAnalysis.ts(32,53): error TS1351: An identifier or keyword cannot immediately follow a numeric literal.
src/hooks/useCharacterAnalysis.ts(32,57): error TS1351: An identifier or keyword cannot immediately follow a numeric literal.
src/hooks/useCharacterAnalysis.ts(32,74): error TS1351: An identifier or keyword cannot immediately follow a numeric literal.
src/hooks/useCharacterAnalysis.ts(32,78): error TS1351: An identifier or keyword cannot immediately follow a numeric literal.
src/hooks/useCharacterAnalysis.ts(32,87): error TS1351: An identifier or keyword cannot immediately follow a numeric literal.
src/hooks/useCharacterAnalysis.ts(32,91): error TS1351: An identifier or keyword cannot immediately follow a numeric literal.
src/hooks/useCharacterAnalysis.ts(32,109): error TS1351: An identifier or keyword cannot immediately follow a numeric literal.
src/hooks/useCharacterAnalysis.ts(32,113): error TS1351: An identifier or keyword cannot immediately follow a numeric literal.
src/hooks/useCharacterAnalysis.ts(32,158): error TS1351: An identifier or keyword cannot immediately follow a numeric literal.
src/hooks/useCharacterAnalysis.ts(32,162): error TS1351: An identifier or keyword cannot immediately follow a numeric literal.
src/hooks/useCharacterAnalysis.ts(32,186): error TS1351: An identifier or keyword cannot immediately follow a numeric literal.
src/hooks/useCharacterAnalysis.ts(32,194): error TS1351: An identifier or keyword cannot immediately follow a numeric literal.
src/hooks/useCharacterAnalysis.ts(32,235): error TS1351: An identifier or keyword cannot immediately follow a numeric literal.
src/hooks/useCharacterAnalysis.ts(32,239): error TS1351: An identifier or keyword cannot immediately follow a numeric literal.
src/hooks/useCharacterAnalysis.ts(32,264): error TS1351: An identifier or keyword cannot immediately follow a numeric literal.
src/hooks/useCharacterAnalysis.ts(32,268): error TS1351: An identifier or keyword cannot immediately follow a numeric literal.
src/hooks/useCharacterAnalysis.ts(32,280): error TS1351: An identifier or keyword cannot immediately follow a numeric literal.
